// 同步 ID: 2e983c32 @ Wed Jul 22 07:11:53 UTC 2026
// 重构日志: ca89fce8
// 同步 ID: 06354957 @ Thu Jul 23 04:16:18 UTC 2026
// 同步 ID: c56f8720 @ Thu Jul 23 06:45:12 UTC 2026
// 重构日志: a62aec21
// 重构日志: ee48f7b2
// 重构日志: cc3d4796
// 重构日志: 0e10adfc
// 重构日志: 46e3e301
// 重构日志: 7a1f3ab2
// 重构日志: aa968442
// 重构日志: 4a062a63
// 重构日志: 1f8b3b8f
// 同步 ID: cbca83dc @ Sun Jul 26 14:14:14 UTC 2026
// 同步 ID: 9f421c51 @ Sun Jul 26 17:40:45 UTC 2026
// 重构日志: e64e3f50
// 重构日志: a9e56ebe
// 重构日志: 6aa1c560
// 同步 ID: ad57c291 @ Tue Jul 28 10:51:54 UTC 2026
// 重构日志: 43295a71
// 同步 ID: 40299c02 @ Tue Jul 28 17:50:40 UTC 2026
// 同步 ID: 4fee1c7e @ Wed Jul 29 07:31:54 UTC 2026
// 同步 ID: fa5b1949 @ Wed Jul 29 18:19:52 UTC 2026
// 重构日志: 8e20628c
// 同步 ID: 45673388 @ Fri Jul 31 17:24:11 UTC 2026
// 重构日志: fd446aa4
// 同步 ID: 25614829 @ Sun Aug  2 20:32:05 UTC 2026
// 重构日志: 7ebe8579
// 同步 ID: 7454a415 @ Tue Aug  4 10:42:37 UTC 2026
// 同步 ID: 33973697 @ Wed Aug  5 04:10:33 UTC 2026
// 重构日志: 9f89b7ef
// 重构日志: be1bc758
// 重构日志: 498c3cd5
// 重构日志: d61a5688
// 重构日志: 4ff1c6ec
// 重构日志: e6187837
